{"level":"info","message":"::1 - - [29/Oct/2025:09:58:49 +0000] \"POST /api/auth/v1/register HTTP/1.1\" 201 406 \"-\" \"PostmanRuntime/7.49.0\"","timestamp":"2025-10-29T09:58:49.644Z"}
{"level":"info","message":"::1 - - [29/Oct/2025:09:59:28 +0000] \"POST /api/auth/v1/login HTTP/1.1\" 200 399 \"-\" \"PostmanRuntime/7.49.0\"","timestamp":"2025-10-29T09:59:28.623Z"}
{"level":"info","message":"::1 - - [29/Oct/2025:10:00:49 +0000] \"POST /api/auth/v1/logout HTTP/1.1\" 200 90 \"-\" \"PostmanRuntime/7.49.0\"","timestamp":"2025-10-29T10:00:49.044Z"}
{"level":"info","message":"::1 - - [29/Oct/2025:10:00:56 +0000] \"POST /api/auth/v1/login HTTP/1.1\" 200 399 \"-\" \"PostmanRuntime/7.49.0\"","timestamp":"2025-10-29T10:00:56.967Z"}
{"level":"info","message":"::1 - - [29/Oct/2025:10:01:29 +0000] \"GET /api/categories/v1 HTTP/1.1\" 200 1940 \"-\" \"PostmanRuntime/7.49.0\"","timestamp":"2025-10-29T10:01:29.012Z"}
{"level":"info","message":"::1 - - [29/Oct/2025:10:02:10 +0000] \"GET /api/categories/v1/68fb87edb33b54d2d67f813f HTTP/1.1\" 200 286 \"-\" \"PostmanRuntime/7.49.0\"","timestamp":"2025-10-29T10:02:10.340Z"}
{"level":"info","message":"::1 - - [29/Oct/2025:10:03:22 +0000] \"POST /api/categories/v1 HTTP/1.1\" 201 350 \"-\" \"PostmanRuntime/7.49.0\"","timestamp":"2025-10-29T10:03:22.702Z"}
{"level":"info","message":"::1 - - [29/Oct/2025:10:07:09 +0000] \"POST /api/auth/v1/login HTTP/1.1\" 200 400 \"-\" \"PostmanRuntime/7.49.0\"","timestamp":"2025-10-29T10:07:09.656Z"}
{"level":"info","message":"::1 - - [29/Oct/2025:10:08:01 +0000] \"POST /api/categories/v1 HTTP/1.1\" 500 154 \"-\" \"PostmanRuntime/7.49.0\"","timestamp":"2025-10-29T10:08:01.077Z"}
{"level":"info","message":"::1 - - [29/Oct/2025:10:08:13 +0000] \"POST /api/categories/v1 HTTP/1.1\" 201 348 \"-\" \"PostmanRuntime/7.49.0\"","timestamp":"2025-10-29T10:08:13.380Z"}
{"level":"info","message":"::1 - - [29/Oct/2025:10:08:50 +0000] \"POST /api/auth/v1/register HTTP/1.1\" 201 406 \"-\" \"PostmanRuntime/7.49.0\"","timestamp":"2025-10-29T10:08:50.721Z"}
{"level":"info","message":"::1 - - [29/Oct/2025:10:09:08 +0000] \"POST /api/auth/v1/logout HTTP/1.1\" 200 90 \"-\" \"PostmanRuntime/7.49.0\"","timestamp":"2025-10-29T10:09:08.262Z"}
{"level":"info","message":"::1 - - [29/Oct/2025:10:09:16 +0000] \"POST /api/categories/v1 HTTP/1.1\" 401 68 \"-\" \"PostmanRuntime/7.49.0\"","timestamp":"2025-10-29T10:09:16.078Z"}
{"level":"info","message":"::1 - - [29/Oct/2025:10:10:03 +0000] \"POST /api/categories/v1 HTTP/1.1\" 403 56 \"-\" \"PostmanRuntime/7.49.0\"","timestamp":"2025-10-29T10:10:03.712Z"}
{"level":"info","message":"::1 - - [29/Oct/2025:10:21:49 +0000] \"POST /api/auth/v1/login HTTP/1.1\" 200 400 \"-\" \"PostmanRuntime/7.49.0\"","timestamp":"2025-10-29T10:21:49.284Z"}
{"level":"info","message":"::1 - - [29/Oct/2025:10:22:32 +0000] \"POST /api/auth/v1/login HTTP/1.1\" 200 399 \"-\" \"PostmanRuntime/7.49.0\"","timestamp":"2025-10-29T10:22:32.440Z"}
{"level":"info","message":"::1 - - [29/Oct/2025:10:23:39 +0000] \"POST /api/categories/v1 HTTP/1.1\" 401 63 \"-\" \"PostmanRuntime/7.49.0\"","timestamp":"2025-10-29T10:23:39.997Z"}
{"level":"info","message":"::1 - - [29/Oct/2025:10:24:19 +0000] \"GET /api/categories/v1 HTTP/1.1\" 200 2508 \"-\" \"PostmanRuntime/7.49.0\"","timestamp":"2025-10-29T10:24:19.364Z"}
{"level":"info","message":"::1 - - [29/Oct/2025:10:24:30 +0000] \"GET /api/categories/v1 HTTP/1.1\" 200 2508 \"-\" \"PostmanRuntime/7.49.0\"","timestamp":"2025-10-29T10:24:30.176Z"}
{"level":"info","message":"::1 - - [29/Oct/2025:10:24:56 +0000] \"POST /api/auth/v1/logout HTTP/1.1\" 401 68 \"-\" \"PostmanRuntime/7.49.0\"","timestamp":"2025-10-29T10:24:56.318Z"}
{"level":"info","message":"::1 - - [29/Oct/2025:10:25:08 +0000] \"POST /api/auth/v1/logout HTTP/1.1\" 401 58 \"-\" \"PostmanRuntime/7.49.0\"","timestamp":"2025-10-29T10:25:08.774Z"}
{"level":"info","message":"::1 - - [29/Oct/2025:10:25:14 +0000] \"POST /api/auth/v1/logout HTTP/1.1\" 200 90 \"-\" \"PostmanRuntime/7.49.0\"","timestamp":"2025-10-29T10:25:14.606Z"}
